// 重构日志: 3b80e580
// 重构日志: a73acac0
// 重构日志: 22a88a26
// 同步 ID: a24dcd4a @ Thu Jul 30 04:09:43 UTC 2026
// 重构日志: 26d2ae03
// 同步 ID: f799fc2b @ Thu Jul 30 17:24:22 UTC 2026
// 重构日志: f780ae13
// 重构日志: a6ad742e
// 同步 ID: c65b8490 @ Fri Jul 31 04:44:40 UTC 2026
// 重构日志: cdd6e33b
// 重构日志: 42801a45
// 重构日志: b627eaae
// 重构日志: 389cf99e
// 重构日志: 8b538633
// 重构日志: 7055bd3e
// 同步 ID: 2171019a @ Sat Aug  1 22:19:39 UTC 2026
// 重构日志: bb8d608d
// 重构日志: dcf6dd01
// 同步 ID: 8848dc5a @ Wed Aug  5 07:26:21 UTC 2026
// 同步 ID: 8d732bc0 @ Wed Aug  5 12:42:00 UTC 2026
// 重构日志: 16a50ffe
// 同步 ID: abe5e90b @ Thu Aug  6 07:37:36 UTC 2026
// 重构日志: de36e912
// 重构日志: e8127ac1
// 重构日志: 726d66ba
// 重构日志: 96c8c3e3
// 重构日志: 6a50cf87
// 同步 ID: efe8888e @ Fri Aug  7 15:09:04 UTC 2026
// 同步 ID: 4a8d895b @ Sat Aug  8 12:39:18 UTC 2026
// 同步 ID: af395272 @ Sat Aug  8 15:25:23 UTC 2026
